seqwrite: (g=0): rw=write, bs=(R) 1024KiB-1024KiB, (W) 1024KiB-1024KiB, (T) 1024KiB-1024KiB, ioengine=libaio, iodepth=4
seqread: (g=1): rw=read, bs=(R) 1024KiB-1024KiB, (W) 1024KiB-1024KiB, (T) 1024KiB-1024KiB, ioengine=libaio, iodepth=4
randwrite: (g=2): rw=randwrite, bs=(R) 4096B-4096B, (W) 4096B-4096B, (T) 4096B-4096B, ioengine=libaio, iodepth=16
randread: (g=3): rw=randread, bs=(R) 4096B-4096B, (W) 4096B-4096B, (T) 4096B-4096B, ioengine=libaio, iodepth=16
fio-3.42
Starting 4 processes
seqwrite: Laying out IO file (1 file / 20480MiB)

seqwrite: (groupid=0, jobs=1): err= 0: pid=73865: Sun Sep 20 02:49:20 2026
  write: IOPS=152, BW=152MiB/s (160MB/s)(17.8GiB/120006msec)
    slat (msec): min=3, max=146, avg= 6.56, stdev= 1.92
    clat (usec): min=3, max=202015, avg=19707.51, stdev=3709.85
     lat (msec): min=5, max=206, avg=26.27, stdev= 4.33
    clat percentiles (msec):
     |  1.00th=[   19],  5.00th=[   19], 10.00th=[   19], 20.00th=[   19],
     | 30.00th=[   20], 40.00th=[   20], 50.00th=[   20], 60.00th=[   21],
     | 70.00th=[   21], 80.00th=[   21], 90.00th=[   21], 95.00th=[   21],
     | 99.00th=[   21], 99.50th=[   22], 99.90th=[   41], 99.95th=[  126],
     | 99.99th=[  203]
   bw (  KiB/s): min=92160, max=158012, per=100.00%, avg=155939.72, stdev=6786.72, samples=239
   iops        : min=   90, max=  154, avg=152.21, stdev= 6.63, samples=239
  lat (usec)   : 4=0.01%
  lat (msec)   : 10=0.01%, 20=54.68%, 50=45.22%, 100=0.03%, 250=0.06%
  cpu          : usr=0.45%, sys=26.50%, ctx=395654, majf=0, minf=9
  IO depths    : 1=0.1%, 2=0.1%, 4=100.0%, 8=0.0%, 16=0.0%, 32=0.0%, >=64=0.0%
     submit    : 0=0.0%, 4=100.0%, 8=0.0%, 16=0.0%, 32=0.0%, 64=0.0%, >=64=0.0%
     complete  : 0=0.0%, 4=100.0%, 8=0.0%, 16=0.0%, 32=0.0%, 64=0.0%, >=64=0.0%
     issued rwts: total=0,18271,0,0 short=0,0,0,0 dropped=0,0,0,0
     latency   : target=0.00ns, window=0.00ns, percentile=100.00%, depth=4
seqread: (groupid=1, jobs=1): err= 0: pid=74080: Sun Sep 20 02:49:20 2026
  read: IOPS=171, BW=171MiB/s (180MB/s)(20.1GiB/120025msec)
    slat (usec): min=10, max=24713, avg=83.85, stdev=203.36
    clat (nsec): min=711, max=126483k, avg=23256362.57, stdev=8164293.75
     lat (usec): min=31, max=126560, avg=23340.21, stdev=8180.08
    clat percentiles (nsec):
     |  1.00th=[     932],  5.00th=[   97792], 10.00th=[  120320],
     | 20.00th=[25559040], 30.00th=[25821184], 40.00th=[25821184],
     | 50.00th=[25821184], 60.00th=[25821184], 70.00th=[26083328],
     | 80.00th=[26083328], 90.00th=[26869760], 95.00th=[27131904],
     | 99.00th=[27394048], 99.50th=[27656192], 99.90th=[33423360],
     | 99.95th=[68681728], 99.99th=[78118912]
   bw (  KiB/s): min=121074, max=4676745, per=100.00%, avg=175506.39, stdev=291782.95, samples=240
   iops        : min=  118, max= 4567, avg=171.28, stdev=284.94, samples=240
  lat (nsec)   : 750=0.84%, 1000=0.18%
  lat (usec)   : 2=0.01%, 4=0.01%, 50=0.82%, 100=4.12%, 250=4.79%
  lat (msec)   : 10=0.01%, 20=0.04%, 50=89.14%, 100=0.05%, 250=0.01%
  cpu          : usr=0.17%, sys=1.55%, ctx=18544, majf=0, minf=523
  IO depths    : 1=0.1%, 2=0.1%, 4=100.0%, 8=0.0%, 16=0.0%, 32=0.0%, >=64=0.0%
     submit    : 0=0.0%, 4=100.0%, 8=0.0%, 16=0.0%, 32=0.0%, 64=0.0%, >=64=0.0%
     complete  : 0=0.0%, 4=100.0%, 8=0.0%, 16=0.0%, 32=0.0%, 64=0.0%, >=64=0.0%
     issued rwts: total=20560,0,0,0 short=0,0,0,0 dropped=0,0,0,0
     latency   : target=0.00ns, window=0.00ns, percentile=100.00%, depth=4
randwrite: (groupid=2, jobs=1): err= 0: pid=74291: Sun Sep 20 02:49:20 2026
  write: IOPS=2793, BW=10.9MiB/s (11.4MB/s)(1309MiB/120001msec)
    slat (usec): min=62, max=640933, avg=355.60, stdev=1920.30
    clat (usec): min=2, max=691371, avg=5370.73, stdev=8336.11
     lat (usec): min=121, max=691555, avg=5726.33, stdev=8631.48
    clat percentiles (usec):
     |  1.00th=[  1745],  5.00th=[  1778], 10.00th=[  1811], 20.00th=[  1860],
     | 30.00th=[  1958], 40.00th=[  3523], 50.00th=[  5080], 60.00th=[  5538],
     | 70.00th=[  6194], 80.00th=[  7242], 90.00th=[  8979], 95.00th=[ 10683],
     | 99.00th=[ 23987], 99.50th=[ 38536], 99.90th=[ 67634], 99.95th=[ 78119],
     | 99.99th=[463471]
   bw (  KiB/s): min=   32, max=16200, per=99.96%, avg=11169.00, stdev=2191.35, samples=239
   iops        : min=    8, max= 4050, avg=2792.22, stdev=547.85, samples=239
  lat (usec)   : 4=0.01%, 250=0.01%, 500=0.01%, 750=0.01%, 1000=0.01%
  lat (msec)   : 2=32.62%, 4=9.48%, 10=51.52%, 20=5.01%, 50=1.12%
  lat (msec)   : 100=0.23%, 250=0.01%, 500=0.01%, 750=0.01%
  cpu          : usr=0.64%, sys=10.07%, ctx=340674, majf=0, minf=11
  IO depths    : 1=0.1%, 2=0.1%, 4=0.1%, 8=0.1%, 16=100.0%, 32=0.0%, >=64=0.0%
     submit    : 0=0.0%, 4=100.0%, 8=0.0%, 16=0.0%, 32=0.0%, 64=0.0%, >=64=0.0%
     complete  : 0=0.0%, 4=100.0%, 8=0.0%, 16=0.1%, 32=0.0%, 64=0.0%, >=64=0.0%
     issued rwts: total=0,335219,0,0 short=0,0,0,0 dropped=0,0,0,0
     latency   : target=0.00ns, window=0.00ns, percentile=100.00%, depth=16
randread: (groupid=3, jobs=1): err= 0: pid=74511: Sun Sep 20 02:49:20 2026
  read: IOPS=235, BW=941KiB/s (963kB/s)(110MiB/120122msec)
    slat (usec): min=4, max=19370, avg=55.57, stdev=277.42
    clat (nsec): min=681, max=1110.5M, avg=67920710.33, stdev=77166760.35
     lat (usec): min=4, max=1110.6k, avg=67976.28, stdev=77170.66
    clat percentiles (nsec):
     |  1.00th=[     1032],  5.00th=[     2160], 10.00th=[  5079040],
     | 20.00th=[ 16318464], 30.00th=[ 22675456], 40.00th=[ 31588352],
     | 50.00th=[ 42729472], 60.00th=[ 57409536], 70.00th=[ 77070336],
     | 80.00th=[106430464], 90.00th=[158334976], 95.00th=[214958080],
     | 99.00th=[358612992], 99.50th=[442499072], 99.90th=[650117120],
     | 99.95th=[775946240], 99.99th=[968884224]
   bw (  KiB/s): min=  136, max= 1104, per=100.00%, avg=941.60, stdev=98.87, samples=240
   iops        : min=   34, max=  276, avg=235.38, stdev=24.72, samples=240
  lat (nsec)   : 750=0.01%, 1000=0.65%
  lat (usec)   : 2=2.73%, 4=6.43%, 10=0.09%, 50=0.01%, 100=0.01%
  lat (usec)   : 250=0.01%, 500=0.01%
  lat (msec)   : 4=0.01%, 10=2.04%, 20=13.96%, 50=29.18%, 100=22.95%
  lat (msec)   : 250=18.68%, 500=2.95%, 750=0.24%, 1000=0.05%, 2000=0.01%
  cpu          : usr=0.29%, sys=1.39%, ctx=25668, majf=0, minf=24
  IO depths    : 1=0.1%, 2=0.1%, 4=0.1%, 8=0.1%, 16=99.9%, 32=0.0%, >=64=0.0%
     submit    : 0=0.0%, 4=100.0%, 8=0.0%, 16=0.0%, 32=0.0%, 64=0.0%, >=64=0.0%
     complete  : 0=0.0%, 4=100.0%, 8=0.0%, 16=0.1%, 32=0.0%, 64=0.0%, >=64=0.0%
     issued rwts: total=28251,0,0,0 short=0,0,0,0 dropped=0,0,0,0
     latency   : target=0.00ns, window=0.00ns, percentile=100.00%, depth=16

Run status group 0 (all jobs):
  WRITE: bw=152MiB/s (160MB/s), 152MiB/s-152MiB/s (160MB/s-160MB/s), io=17.8GiB (19.2GB), run=120006-120006msec

Run status group 1 (all jobs):
   READ: bw=171MiB/s (180MB/s), 171MiB/s-171MiB/s (180MB/s-180MB/s), io=20.1GiB (21.6GB), run=120025-120025msec

Run status group 2 (all jobs):
  WRITE: bw=10.9MiB/s (11.4MB/s), 10.9MiB/s-10.9MiB/s (11.4MB/s-11.4MB/s), io=1309MiB (1373MB), run=120001-120001msec

Run status group 3 (all jobs):
   READ: bw=941KiB/s (963kB/s), 941KiB/s-941KiB/s (963kB/s-963kB/s), io=110MiB (116MB), run=120122-120122msec
