seqwrite: (g=0): rw=write, bs=(R) 1024KiB-1024KiB, (W) 1024KiB-1024KiB, (T) 1024KiB-1024KiB, ioengine=libaio, iodepth=4
seqread: (g=1): rw=read, bs=(R) 1024KiB-1024KiB, (W) 1024KiB-1024KiB, (T) 1024KiB-1024KiB, ioengine=libaio, iodepth=4
randwrite: (g=2): rw=randwrite, bs=(R) 4096B-4096B, (W) 4096B-4096B, (T) 4096B-4096B, ioengine=libaio, iodepth=16
randread: (g=3): rw=randread, bs=(R) 4096B-4096B, (W) 4096B-4096B, (T) 4096B-4096B, ioengine=libaio, iodepth=16
fio-3.42
Starting 4 processes

seqwrite: (groupid=0, jobs=1): err= 0: pid=56301: Sun Sep 20 00:18:51 2026
  write: IOPS=152, BW=153MiB/s (160MB/s)(17.9GiB/120025msec)
    slat (usec): min=34, max=42316, avg=109.81, stdev=311.96
    clat (usec): min=2386, max=77440, avg=26031.20, stdev=1073.03
     lat (usec): min=8548, max=77474, avg=26141.01, stdev=1065.37
    clat percentiles (usec):
     |  1.00th=[25560],  5.00th=[25560], 10.00th=[25560], 20.00th=[25560],
     | 30.00th=[25822], 40.00th=[25822], 50.00th=[25822], 60.00th=[25822],
     | 70.00th=[26084], 80.00th=[26084], 90.00th=[26870], 95.00th=[27132],
     | 99.00th=[27395], 99.50th=[28181], 99.90th=[36963], 99.95th=[40109],
     | 99.99th=[76022]
   bw (  KiB/s): min=114484, max=158012, per=100.00%, avg=156724.74, stdev=3820.15, samples=240
   iops        : min=  111, max=  154, avg=152.87, stdev= 3.76, samples=240
  lat (msec)   : 4=0.01%, 10=0.01%, 50=99.97%, 100=0.02%
  cpu          : usr=0.51%, sys=1.42%, ctx=18426, majf=0, minf=9
  IO depths    : 1=0.1%, 2=0.1%, 4=100.0%, 8=0.0%, 16=0.0%, 32=0.0%, >=64=0.0%
     submit    : 0=0.0%, 4=100.0%, 8=0.0%, 16=0.0%, 32=0.0%, 64=0.0%, >=64=0.0%
     complete  : 0=0.0%, 4=100.0%, 8=0.0%, 16=0.0%, 32=0.0%, 64=0.0%, >=64=0.0%
     issued rwts: total=0,18361,0,0 short=0,0,0,0 dropped=0,0,0,0
     latency   : target=0.00ns, window=0.00ns, percentile=100.00%, depth=4
seqread: (groupid=1, jobs=1): err= 0: pid=56465: Sun Sep 20 00:18:51 2026
  read: IOPS=153, BW=153MiB/s (161MB/s)(18.0GiB/120023msec)
    slat (usec): min=37, max=634, avg=88.02, stdev=16.96
    clat (usec): min=2295, max=46722, avg=26018.59, stdev=783.28
     lat (usec): min=2930, max=46804, avg=26106.61, stdev=779.47
    clat percentiles (usec):
     |  1.00th=[25560],  5.00th=[25560], 10.00th=[25560], 20.00th=[25822],
     | 30.00th=[25822], 40.00th=[25822], 50.00th=[25822], 60.00th=[25822],
     | 70.00th=[26084], 80.00th=[26084], 90.00th=[26870], 95.00th=[27132],
     | 99.00th=[27395], 99.50th=[27657], 99.90th=[34341], 99.95th=[37487],
     | 99.99th=[45876]
   bw (  KiB/s): min=148000, max=159107, per=100.00%, avg=157020.08, stdev=1180.28, samples=239
   iops        : min=  144, max=  155, avg=153.15, stdev= 1.16, samples=239
  lat (msec)   : 4=0.01%, 10=0.01%, 20=0.05%, 50=99.92%
  cpu          : usr=0.19%, sys=1.44%, ctx=18440, majf=0, minf=1032
  IO depths    : 1=0.1%, 2=0.1%, 4=100.0%, 8=0.0%, 16=0.0%, 32=0.0%, >=64=0.0%
     submit    : 0=0.0%, 4=100.0%, 8=0.0%, 16=0.0%, 32=0.0%, 64=0.0%, >=64=0.0%
     complete  : 0=0.0%, 4=100.0%, 8=0.0%, 16=0.0%, 32=0.0%, 64=0.0%, >=64=0.0%
     issued rwts: total=18385,0,0,0 short=0,0,0,0 dropped=0,0,0,0
     latency   : target=0.00ns, window=0.00ns, percentile=100.00%, depth=4
randwrite: (groupid=2, jobs=1): err= 0: pid=56622: Sun Sep 20 00:18:51 2026
  write: IOPS=321, BW=1286KiB/s (1317kB/s)(151MiB/120055msec)
    slat (usec): min=3, max=127, avg=27.55, stdev=12.79
    clat (usec): min=709, max=101859, avg=49743.32, stdev=8670.39
     lat (usec): min=739, max=101870, avg=49770.87, stdev=8671.10
    clat percentiles (usec):
     |  1.00th=[35914],  5.00th=[38536], 10.00th=[40109], 20.00th=[42730],
     | 30.00th=[44827], 40.00th=[46400], 50.00th=[48497], 60.00th=[50594],
     | 70.00th=[53216], 80.00th=[56361], 90.00th=[61080], 95.00th=[65274],
     | 99.00th=[73925], 99.50th=[76022], 99.90th=[83362], 99.95th=[84411],
     | 99.99th=[90702]
   bw (  KiB/s): min= 1088, max= 2000, per=99.95%, avg=1285.45, stdev=77.59, samples=239
   iops        : min=  272, max=  500, avg=321.13, stdev=19.42, samples=239
  lat (usec)   : 750=0.01%, 1000=0.02%
  lat (msec)   : 2=0.28%, 10=0.05%, 20=0.02%, 50=56.18%, 100=43.44%
  lat (msec)   : 250=0.01%
  cpu          : usr=0.43%, sys=1.08%, ctx=38616, majf=0, minf=9
  IO depths    : 1=0.1%, 2=0.1%, 4=0.1%, 8=0.1%, 16=100.0%, 32=0.0%, >=64=0.0%
     submit    : 0=0.0%, 4=100.0%, 8=0.0%, 16=0.0%, 32=0.0%, 64=0.0%, >=64=0.0%
     complete  : 0=0.0%, 4=100.0%, 8=0.0%, 16=0.1%, 32=0.0%, 64=0.0%, >=64=0.0%
     issued rwts: total=0,38588,0,0 short=0,0,0,0 dropped=0,0,0,0
     latency   : target=0.00ns, window=0.00ns, percentile=100.00%, depth=16
randread: (groupid=3, jobs=1): err= 0: pid=57636: Sun Sep 20 00:18:51 2026
  read: IOPS=214, BW=858KiB/s (879kB/s)(101MiB/120106msec)
    slat (usec): min=3, max=96531, avg=31.43, stdev=601.21
    clat (msec): min=3, max=1063, avg=74.51, stdev=74.34
     lat (msec): min=3, max=1063, avg=74.54, stdev=74.34
    clat percentiles (msec):
     |  1.00th=[    9],  5.00th=[   12], 10.00th=[   16], 20.00th=[   22],
     | 30.00th=[   29], 40.00th=[   39], 50.00th=[   50], 60.00th=[   65],
     | 70.00th=[   85], 80.00th=[  114], 90.00th=[  167], 95.00th=[  222],
     | 99.00th=[  363], 99.50th=[  422], 99.90th=[  550], 99.95th=[  600],
     | 99.99th=[  835]
   bw (  KiB/s): min=   96, max=  937, per=99.94%, avg=858.88, stdev=80.99, samples=240
   iops        : min=   24, max=  234, avg=214.62, stdev=20.24, samples=240
  lat (msec)   : 4=0.01%, 10=2.96%, 20=15.54%, 50=31.82%, 100=25.52%
  lat (msec)   : 250=20.58%, 500=3.38%, 750=0.17%, 1000=0.02%, 2000=0.01%
  cpu          : usr=0.25%, sys=0.77%, ctx=25799, majf=0, minf=23
  IO depths    : 1=0.1%, 2=0.1%, 4=0.1%, 8=0.1%, 16=99.9%, 32=0.0%, >=64=0.0%
     submit    : 0=0.0%, 4=100.0%, 8=0.0%, 16=0.0%, 32=0.0%, 64=0.0%, >=64=0.0%
     complete  : 0=0.0%, 4=100.0%, 8=0.0%, 16=0.1%, 32=0.0%, 64=0.0%, >=64=0.0%
     issued rwts: total=25777,0,0,0 short=0,0,0,0 dropped=0,0,0,0
     latency   : target=0.00ns, window=0.00ns, percentile=100.00%, depth=16

Run status group 0 (all jobs):
  WRITE: bw=153MiB/s (160MB/s), 153MiB/s-153MiB/s (160MB/s-160MB/s), io=17.9GiB (19.3GB), run=120025-120025msec

Run status group 1 (all jobs):
   READ: bw=153MiB/s (161MB/s), 153MiB/s-153MiB/s (161MB/s-161MB/s), io=18.0GiB (19.3GB), run=120023-120023msec

Run status group 2 (all jobs):
  WRITE: bw=1286KiB/s (1317kB/s), 1286KiB/s-1286KiB/s (1317kB/s-1317kB/s), io=151MiB (158MB), run=120055-120055msec

Run status group 3 (all jobs):
   READ: bw=858KiB/s (879kB/s), 858KiB/s-858KiB/s (879kB/s-879kB/s), io=101MiB (106MB), run=120106-120106msec

Disk stats (read/write):
  sdb: ios=48947/66129, sectors=37870976/37912032, merge=0/0, ticks=2507889/2624727, in_queue=5132617, util=99.98%
